==============================================================================
Web
==============================================================================
Web.Alerts Test
==============================================================================
Handle JS Alert                                                       | PASS |
------------------------------------------------------------------------------
Handle JS Confirm Accept                                              | PASS |
------------------------------------------------------------------------------
Handle JS Confirm Dismiss                                             | PASS |
------------------------------------------------------------------------------
Handle JS Prompt With Text                                            | PASS |
------------------------------------------------------------------------------
Web.Alerts Test                                                       | PASS |
4 tests, 4 passed, 0 failed
==============================================================================
Web                                                                   | PASS |
4 tests, 4 passed, 0 failed
==============================================================================
Output:  /Users/lheredia/gitStorage/robot-framework-automation/pabot_results/0/output.xml
