2026-06-07 16:11:43.485072 ==============================================================================
2026-06-07 16:11:43.529701 Web
2026-06-07 16:11:43.529708 ==============================================================================
2026-06-07 16:11:43.906007 Web.Alerts Test
2026-06-07 16:11:43.921757 ==============================================================================
2026-06-07 16:11:49.157892 Handle JS Alert                                                       | PASS |
2026-06-07 16:11:49.163581 ------------------------------------------------------------------------------
2026-06-07 16:11:50.595646 Handle JS Confirm Accept                                              | PASS |
2026-06-07 16:11:50.623698 ------------------------------------------------------------------------------
2026-06-07 16:11:52.008443 Handle JS Confirm Dismiss                                             | PASS |
2026-06-07 16:11:52.023540 ------------------------------------------------------------------------------
2026-06-07 16:11:53.311656 Handle JS Prompt With Text                                            | PASS |
2026-06-07 16:11:53.338275 ------------------------------------------------------------------------------
2026-06-07 16:11:53.338287 Web.Alerts Test                                                       | PASS |
2026-06-07 16:11:53.340272 4 tests, 4 passed, 0 failed
2026-06-07 16:11:53.340287 ==============================================================================
2026-06-07 16:11:53.340295 Web                                                                   | PASS |
2026-06-07 16:11:53.340439 4 tests, 4 passed, 0 failed
2026-06-07 16:11:53.340476 ==============================================================================
2026-06-07 16:11:53.340483 Output:  /Users/lheredia/gitStorage/robot-framework-automation/pabot_results/0/output.xml
