[INFO]    Initialized logging in ./pabot_results
[INFO]    Robot Framework remote server at 127.0.0.1:8270 started.
[DEBUG]   Storing .pabotsuitenames file
[DEBUG]   2026-06-07 16:11:43.427860 [PID:14915] [2] [ID:2] EXECUTING Web.Dynamic Content Test
[DEBUG]   2026-06-07 16:11:43.429790 [PID:14916] [1] [ID:1] EXECUTING Web.Checkboxes Test
[DEBUG]   2026-06-07 16:11:43.431270 [PID:14917] [0] [ID:0] EXECUTING Web.Alerts Test
[DEBUG]   2026-06-07 16:11:48.605815 [PID:14917] [0] [ID:0] still running Web.Alerts Test after 5.0s
[DEBUG]   2026-06-07 16:11:48.605869 [PID:14915] [2] [ID:2] still running Web.Dynamic Content Test after 5.0s
[DEBUG]   2026-06-07 16:11:48.614857 [PID:14916] [1] [ID:1] still running Web.Checkboxes Test after 5.0s
[INFO]    2026-06-07 16:11:50.900596 [PID:14916] [1] [ID:1] PASSED Web.Checkboxes Test in 7.5 seconds
[DEBUG]   2026-06-07 16:11:50.903891 [PID:15011] [0] [ID:3] EXECUTING Web.Login Test
[INFO]    2026-06-07 16:11:53.574559 [PID:14917] [0] [ID:0] PASSED Web.Alerts Test in 10.1 seconds
[DEBUG]   2026-06-07 16:11:53.578558 [PID:15044] [1] [ID:4] EXECUTING Web.Logout Test
[INFO]    2026-06-07 16:11:54.089845 [PID:14915] [2] [ID:2] PASSED Web.Dynamic Content Test in 10.7 seconds
[INFO]    2026-06-07 16:11:55.986388 [PID:15011] [0] [ID:3] PASSED Web.Login Test in 5.1 seconds
[INFO]    2026-06-07 16:11:57.204670 [PID:15044] [1] [ID:4] PASSED Web.Logout Test in 3.6 seconds
[INFO]    10 tests, 10 passed, 0 failed, 0 skipped.
[INFO]    ===================================================
[INFO]    Output:  /Users/lheredia/gitStorage/robot-framework-automation/output.xml
[INFO]    Log:     /Users/lheredia/gitStorage/robot-framework-automation/log.html
[INFO]    Report:  /Users/lheredia/gitStorage/robot-framework-automation/report.html
[DEBUG]   Finalizing Pabot execution...
[DEBUG]   Stopping PabotLib process
[INFO]    Robot Framework remote server at 127.0.0.1:8270 stopped.
[DEBUG]   PabotLib process stopped
[INFO]    Total testing: 37.0 seconds
[INFO]    Elapsed time:  14.26 seconds
[DEBUG]   Logs flushed successfully.
